[backblue.gif]
[fade.gif]
[index.html]
[cpricelandscapes.com/js/jquery.min.js]
[cpricelandscapes.com/js/jquery.colorbox-min.js]
[cpricelandscapes.com/js/jquery.cycle.all.min.js]
[cpricelandscapes.com/js/jflickrfeed.min.js]
[cpricelandscapes.com/js/jquery.flip.js]
[cpricelandscapes.com/js/prototype.js]
[cpricelandscapes.com/js/scriptaculousb395.js]
[cpricelandscapes.com/js/lightbox.js]
[cpricelandscapes.com/images/layout/logo2.gif]
[cpricelandscapes.com/images/layout/frontpageimage.jpg]
[cpricelandscapes.com/images/layout/retainingwall.jpg]
[cpricelandscapes.com/images/layout/deck.jpg]
[cpricelandscapes.com/images/layout/fence.jpg]
[cpricelandscapes.com/images/layout/concrete.jpg]
[cpricelandscapes.com/images/layout/gazebo.jpg]
[in.getclicky.com/203165ns.gif]
[cpricelandscapes.com/index.html]
[islandbreezeapartments.com/xmlrpc.php]
[islandbreezeapartments.com/wp-includes/js/jquery/jquery1159.js]
[islandbreezeapartments.com/wp-content/plugins/nextgen-gallery/shutter/shutter-reloaded6f3e.js]
[islandbreezeapartments.com/xmlrpc0db0.php]
[islandbreezeapartments.com/wp-includes/wlwmanifest.xml]
[islandbreezeapartments.com/wp-content/plugins/nextgen-gallery/xml/media-rss.php]
[islandbreezeapartments.com/wp-content/themes/earth-nature/js/jquery.js]
[islandbreezeapartments.com/wp-content/themes/earth-nature/js/jquery.slideshow.js]
[islandbreezeapartments.com/wp-content/themes/earth-nature/js/functions.js]
[islandbreezeapartments.com/wp-content/themes/earth-nature/js/jquery.lightbox-0.5.pack.js]
[islandbreezeapartments.com/wp-content/themes/earth-nature/images_blue/logo.gif]
[islandbreezeapartments.com/wp-content/themes/earth-nature/images/overlay.png]
[islandbreezeapartments.com/wp-content/themes/earth-nature/images_blue/banner/Copy of a.jpg]
[islandbreezeapartments.com/wp-content/themes/earth-nature/images_blue/banner/Copy of bed.jpg]
[islandbreezeapartments.com/wp-content/themes/earth-nature/images_blue/banner/Interior 3.jpg]
[islandbreezeapartments.com/wp-content/themes/earth-nature/images_blue/banner/a.jpg]
[islandbreezeapartments.com/wp-content/themes/earth-nature/images_blue/banner/bed.jpg]
[islandbreezeapartments.com/wp-content/uploads/2010/08/chair.gif]
[islandbreezeapartments.com/wp-content/uploads/2010/08/COMP.png]
[islandbreezeapartments.com/wp-content/uploads/2010/08/car.gif]
[islandbreezeapartments.com/wp-content/themes/earth-nature/images/map.gif]
[in.getclicky.com/246212ns.gif]
[islandbreezeapartments.com/index.html]
[cpricelandscapes.com/images/signInBg.png]
[cpricelandscapes.com/images/searchBg.png]
[cpricelandscapes.com/images/searchBtBg.png]
[cpricelandscapes.com/images/subsBg.png]
[cpricelandscapes.com/images/homeA.png]
[cpricelandscapes.com/images/homeAhover.png]
[cpricelandscapes.com/images/commitA.png]
[cpricelandscapes.com/images/commitAhover.png]
[cpricelandscapes.com/images/organicA.png]
[cpricelandscapes.com/images/organicAhover.png]
[cpricelandscapes.com/images/contactA.png]
[cpricelandscapes.com/images/contactAhover.png]
[cpricelandscapes.com/images/contentTop.png]
[cpricelandscapes.com/images/contentBottom.png]
[cpricelandscapes.com/images/contentBg.png]
[cpricelandscapes.com/images/welcomeTop.png]
[cpricelandscapes.com/images/welcomeBg.png]
[cpricelandscapes.com/images/welcomeBottom.png]
[cpricelandscapes.com/images/view.png]
[cpricelandscapes.com/images/headingBg.png]
[cpricelandscapes.com/images/organicHolder.jpg]
[cpricelandscapes.com/images/organicContent.jpg]
[cpricelandscapes.com/images/layout/gardenman.jpg]
[cpricelandscapes.com/images/hr.jpg]
[cpricelandscapes.com/images/contactHeading.png]
[cpricelandscapes.com/images/footerBg.jpg]
[cpricelandscapes.com/css/style.css]
[cpricelandscapes.com/images/prevlabel.gif]
[cpricelandscapes.com/images/nextlabel.gif]
[cpricelandscapes.com/css/lightbox.css]
[farm7.static.flickr.com/6099/6349340913_7f57bc5d73.jpg]
[farm7.static.flickr.com/6099/6349340913_7f57bc5d73_s.jpg]
[farm6.static.flickr.com/5305/5576289430_88e56aa3b2.jpg]
[farm6.static.flickr.com/5305/5576289430_88e56aa3b2_s.jpg]
[farm6.static.flickr.com/5295/5576313530_cd266b9709.jpg]
[farm6.static.flickr.com/5295/5576313530_cd266b9709_s.jpg]
[farm5.static.flickr.com/4129/5053489079_2a007274da.jpg]
[farm5.static.flickr.com/4129/5053489079_2a007274da_s.jpg]
[farm5.static.flickr.com/4018/4598641758_669c123034.jpg]
[farm5.static.flickr.com/4018/4598641758_669c123034_s.jpg]
[farm6.static.flickr.com/5292/5404266492_a8890c4ac4.jpg]
[farm6.static.flickr.com/5292/5404266492_a8890c4ac4_s.jpg]
[farm7.static.flickr.com/6143/5921326152_dccfc44920.jpg]
[farm7.static.flickr.com/6143/5921326152_dccfc44920_s.jpg]
[farm7.static.flickr.com/6028/5968894776_e2dc6f4314.jpg]
[farm7.static.flickr.com/6028/5968894776_e2dc6f4314_s.jpg]
[farm7.static.flickr.com/6127/5968895316_35855de2bb.jpg]
[farm7.static.flickr.com/6127/5968895316_35855de2bb_s.jpg]
[farm5.static.flickr.com/4152/5053489065_e8334cacca.jpg]
[farm5.static.flickr.com/4152/5053489065_e8334cacca_s.jpg]
[farm6.static.flickr.com/5069/5576286516_ff2cfece30.jpg]
[farm6.static.flickr.com/5069/5576286516_ff2cfece30_s.jpg]
[farm5.static.flickr.com/4075/4820139467_6ac3df866e.jpg]
[farm5.static.flickr.com/4075/4820139467_6ac3df866e_s.jpg]
[farm5.static.flickr.com/4151/5053513191_983a16e568.jpg]
[farm5.static.flickr.com/4151/5053513191_983a16e568_s.jpg]
[farm7.static.flickr.com/6012/5886795829_a46cdf4411.jpg]
[farm7.static.flickr.com/6012/5886795829_a46cdf4411_s.jpg]
[farm7.static.flickr.com/6147/5959429263_9766d67204.jpg]
[farm7.static.flickr.com/6147/5959429263_9766d67204_s.jpg]
[farm2.static.flickr.com/1238/5117141186_b45576d362.jpg]
[farm2.static.flickr.com/1238/5117141186_b45576d362_s.jpg]
[farm7.static.flickr.com/6021/6202616343_51e0a70391.jpg]
[farm7.static.flickr.com/6021/6202616343_51e0a70391_s.jpg]
[farm5.static.flickr.com/4147/5053586675_f8fb8046ab.jpg]
[farm5.static.flickr.com/4147/5053586675_f8fb8046ab_s.jpg]
[farm6.static.flickr.com/5258/5404268120_a3111a6c63.jpg]
[farm6.static.flickr.com/5258/5404268120_a3111a6c63_s.jpg]
[farm5.static.flickr.com/4102/4820759130_c77e73666e.jpg]
[farm5.static.flickr.com/4102/4820759130_c77e73666e_s.jpg]
[farm8.static.flickr.com/7013/6387812173_be1196da66.jpg]
[farm8.static.flickr.com/7013/6387812173_be1196da66_s.jpg]
[farm8.static.flickr.com/7151/6387814021_dd6c835bbe.jpg]
[farm8.static.flickr.com/7151/6387814021_dd6c835bbe_s.jpg]
[farm6.static.flickr.com/5262/5623690581_155542ec29.jpg]
[farm6.static.flickr.com/5262/5623690581_155542ec29_s.jpg]
[farm7.static.flickr.com/6137/5921322764_be931b7025.jpg]
[farm7.static.flickr.com/6137/5921322764_be931b7025_s.jpg]
[farm2.static.flickr.com/1267/4598025147_285ab9e4f8.jpg]
[farm2.static.flickr.com/1267/4598025147_285ab9e4f8_s.jpg]
[farm5.static.flickr.com/4141/4795450009_758268db70.jpg]
[farm5.static.flickr.com/4141/4795450009_758268db70_s.jpg]
[farm2.static.flickr.com/1126/4598024791_c8a520871e.jpg]
[farm2.static.flickr.com/1126/4598024791_c8a520871e_s.jpg]
[farm6.static.flickr.com/5225/5575668413_05b83651f4.jpg]
[farm6.static.flickr.com/5225/5575668413_05b83651f4_s.jpg]
[farm6.static.flickr.com/5310/5620999325_ca9355b33d.jpg]
[farm6.static.flickr.com/5310/5620999325_ca9355b33d_s.jpg]
[farm2.static.flickr.com/1020/4598641622_d2747c93c5.jpg]
[farm2.static.flickr.com/1020/4598641622_d2747c93c5_s.jpg]
[farm6.static.flickr.com/5303/5576230334_941985df46.jpg]
[farm6.static.flickr.com/5303/5576230334_941985df46_s.jpg]
[farm6.static.flickr.com/5101/5575668431_5fc387a534.jpg]
[farm6.static.flickr.com/5101/5575668431_5fc387a534_s.jpg]
[farm6.static.flickr.com/5147/5620999849_e7f7848d4e.jpg]
[farm6.static.flickr.com/5147/5620999849_e7f7848d4e_s.jpg]
[farm6.static.flickr.com/5225/5620174807_1ebf839cb1.jpg]
[farm6.static.flickr.com/5225/5620174807_1ebf839cb1_s.jpg]
[farm6.static.flickr.com/5264/5620760872_3c5e250010.jpg]
[farm6.static.flickr.com/5264/5620760872_3c5e250010_s.jpg]
[farm6.static.flickr.com/5146/5575668423_58eee929b9.jpg]
[farm6.static.flickr.com/5146/5575668423_58eee929b9_s.jpg]
[farm2.static.flickr.com/1251/5117140980_ba01310af9.jpg]
[farm2.static.flickr.com/1251/5117140980_ba01310af9_s.jpg]
[farm7.static.flickr.com/6147/6202419645_02086f9328.jpg]
[farm7.static.flickr.com/6147/6202419645_02086f9328_s.jpg]
[farm7.static.flickr.com/6171/6202419835_ebb88c353b.jpg]
[farm7.static.flickr.com/6171/6202419835_ebb88c353b_s.jpg]
[farm7.static.flickr.com/6011/5920758951_e9647edd71.jpg]
[farm7.static.flickr.com/6011/5920758951_e9647edd71_s.jpg]
[farm5.static.flickr.com/4061/4598023999_52db5a3ac8.jpg]
[farm5.static.flickr.com/4061/4598023999_52db5a3ac8_s.jpg]
[farm5.static.flickr.com/4036/4711776312_45dbd68e2a.jpg]
[farm5.static.flickr.com/4036/4711776312_45dbd68e2a_s.jpg]
[farm5.static.flickr.com/4032/4711776306_496e12575a.jpg]
[farm5.static.flickr.com/4032/4711776306_496e12575a_s.jpg]
[farm5.static.flickr.com/4024/4711776302_9a4bbae1bd.jpg]
[farm5.static.flickr.com/4024/4711776302_9a4bbae1bd_s.jpg]
[farm6.static.flickr.com/5068/5844158259_1f2294103e.jpg]
[farm6.static.flickr.com/5068/5844158259_1f2294103e_s.jpg]
[farm3.static.flickr.com/2539/5844716778_64bebd6871.jpg]
[farm3.static.flickr.com/2539/5844716778_64bebd6871_s.jpg]
[farm4.static.flickr.com/3191/4598024709_d435daa85e.jpg]
[farm4.static.flickr.com/3191/4598024709_d435daa85e_s.jpg]
[farm3.static.flickr.com/2635/5856451874_4b2c60471a.jpg]
[farm3.static.flickr.com/2635/5856451874_4b2c60471a_s.jpg]
[farm7.static.flickr.com/6146/5921321936_219fcd9f35.jpg]
[farm7.static.flickr.com/6146/5921321936_219fcd9f35_s.jpg]
[farm5.static.flickr.com/4111/5157348177_e57dcb5521.jpg]
[farm5.static.flickr.com/4111/5157348177_e57dcb5521_s.jpg]
[farm2.static.flickr.com/1310/5157946334_2c2e3601eb.jpg]
[farm2.static.flickr.com/1310/5157946334_2c2e3601eb_s.jpg]
[farm5.static.flickr.com/4133/5157335011_c50c756736.jpg]
[farm5.static.flickr.com/4133/5157335011_c50c756736_s.jpg]
[farm5.static.flickr.com/4090/5157942552_5cbb70df95.jpg]
[farm5.static.flickr.com/4090/5157942552_5cbb70df95_s.jpg]
[farm5.static.flickr.com/4086/5157939754_4968c3925b.jpg]
[farm5.static.flickr.com/4086/5157939754_4968c3925b_s.jpg]
[farm5.static.flickr.com/4040/5134510894_4ca33bf016.jpg]
[farm5.static.flickr.com/4040/5134510894_4ca33bf016_s.jpg]
[farm5.static.flickr.com/4066/5133903057_92b559dd4c.jpg]
[farm5.static.flickr.com/4066/5133903057_92b559dd4c_s.jpg]
[farm5.static.flickr.com/4153/5134495846_c8104d5095.jpg]
[farm5.static.flickr.com/4153/5134495846_c8104d5095_s.jpg]
[farm5.static.flickr.com/4047/5133879017_2bf96f9f02.jpg]
[farm5.static.flickr.com/4047/5133879017_2bf96f9f02_s.jpg]
[farm2.static.flickr.com/1166/5157958986_9125ee5146.jpg]
[farm2.static.flickr.com/1166/5157958986_9125ee5146_s.jpg]
[farm6.static.flickr.com/5166/5256570607_e172b78e74.jpg]
[farm6.static.flickr.com/5166/5256570607_e172b78e74_s.jpg]
[farm6.static.flickr.com/5007/5257182840_ccd760f680.jpg]
[farm6.static.flickr.com/5007/5257182840_ccd760f680_s.jpg]
[farm6.static.flickr.com/5205/5256573197_907bec3c55.jpg]
[farm6.static.flickr.com/5205/5256573197_907bec3c55_s.jpg]
[farm6.static.flickr.com/5165/5256573915_4ce721c05f.jpg]
[farm6.static.flickr.com/5165/5256573915_4ce721c05f_s.jpg]
[farm6.static.flickr.com/5207/5256574703_c542699a84.jpg]
[farm6.static.flickr.com/5207/5256574703_c542699a84_s.jpg]
[farm5.static.flickr.com/4122/4736480563_c83bcffc0e.jpg]
[farm5.static.flickr.com/4122/4736480563_c83bcffc0e_s.jpg]
[farm5.static.flickr.com/4082/4737116018_71d340a083.jpg]
[farm5.static.flickr.com/4082/4737116018_71d340a083_s.jpg]
[farm5.static.flickr.com/4081/4737114638_473346132b.jpg]
[farm5.static.flickr.com/4081/4737114638_473346132b_s.jpg]
[farm5.static.flickr.com/4122/4736329045_94f7ace2a7.jpg]
[farm5.static.flickr.com/4122/4736329045_94f7ace2a7_s.jpg]
[farm2.static.flickr.com/1307/4705419465_528367ec03.jpg]
[farm2.static.flickr.com/1307/4705419465_528367ec03_s.jpg]
[farm6.static.flickr.com/5069/5620761644_9c191d57c7.jpg]
[farm6.static.flickr.com/5069/5620761644_9c191d57c7_s.jpg]
[farm6.static.flickr.com/5173/5576288390_eb034c777f.jpg]
[farm6.static.flickr.com/5173/5576288390_eb034c777f_s.jpg]
[farm5.static.flickr.com/4093/4737122940_8a93e4ffbd.jpg]
[farm5.static.flickr.com/4093/4737122940_8a93e4ffbd_s.jpg]
[farm5.static.flickr.com/4063/4705420557_f35d795c48.jpg]
[farm5.static.flickr.com/4063/4705420557_f35d795c48_s.jpg]
[farm5.static.flickr.com/4003/4598641460_03be175368.jpg]
[farm5.static.flickr.com/4003/4598641460_03be175368_s.jpg]
[farm2.static.flickr.com/1008/4598641170_439c8872b7.jpg]
[farm2.static.flickr.com/1008/4598641170_439c8872b7_s.jpg]
[farm7.static.flickr.com/6136/5982973441_fe61eb4b7d.jpg]
[farm7.static.flickr.com/6136/5982973441_fe61eb4b7d_s.jpg]
[farm7.static.flickr.com/6188/6096169264_ea9704cc04.jpg]
[farm7.static.flickr.com/6188/6096169264_ea9704cc04_s.jpg]
[farm7.static.flickr.com/6189/6095627767_147e8d417c.jpg]
[farm7.static.flickr.com/6189/6095627767_147e8d417c_s.jpg]
[farm7.static.flickr.com/6190/6095628725_df82c735ce.jpg]
[farm7.static.flickr.com/6190/6095628725_df82c735ce_s.jpg]
[farm7.static.flickr.com/6049/6311197184_4072fe2459.jpg]
[farm7.static.flickr.com/6049/6311197184_4072fe2459_s.jpg]
[farm7.static.flickr.com/6036/6311198672_46af21151e.jpg]
[farm7.static.flickr.com/6036/6311198672_46af21151e_s.jpg]
[farm7.static.flickr.com/6214/6311199760_dc72f1bd4e.jpg]
[farm7.static.flickr.com/6214/6311199760_dc72f1bd4e_s.jpg]
[farm7.static.flickr.com/6215/6311200984_7c82c1ba33.jpg]
[farm7.static.flickr.com/6215/6311200984_7c82c1ba33_s.jpg]
[farm7.static.flickr.com/6044/6311202100_7e89c5548b.jpg]
[farm7.static.flickr.com/6044/6311202100_7e89c5548b_s.jpg]
[farm5.static.flickr.com/4055/4598641034_50f2cf5b73.jpg]
[farm5.static.flickr.com/4055/4598641034_50f2cf5b73_s.jpg]
[farm5.static.flickr.com/4011/4598642462_609d214ba8.jpg]
[farm5.static.flickr.com/4011/4598642462_609d214ba8_s.jpg]
[farm5.static.flickr.com/4044/4668216011_d52aec7d34.jpg]
[farm5.static.flickr.com/4044/4668216011_d52aec7d34_s.jpg]
[farm2.static.flickr.com/1436/5178026468_777bdc0a55.jpg]
[farm2.static.flickr.com/1436/5178026468_777bdc0a55_s.jpg]
[farm5.static.flickr.com/4106/5177424035_3e69ca0306.jpg]
[farm5.static.flickr.com/4106/5177424035_3e69ca0306_s.jpg]
[farm2.static.flickr.com/1212/5178028882_1feb60e13c.jpg]
[farm2.static.flickr.com/1212/5178028882_1feb60e13c_s.jpg]
[farm4.static.flickr.com/3291/5855888701_5d833431ec.jpg]
[farm4.static.flickr.com/3291/5855888701_5d833431ec_s.jpg]
[farm7.static.flickr.com/6020/5887363082_1e5c8c1ffd.jpg]
[farm7.static.flickr.com/6020/5887363082_1e5c8c1ffd_s.jpg]
[farm7.static.flickr.com/6026/5906971583_b20b62e645.jpg]
[farm7.static.flickr.com/6026/5906971583_b20b62e645_s.jpg]
[farm6.static.flickr.com/5278/5906974313_4841f51c63.jpg]
[farm6.static.flickr.com/5278/5906974313_4841f51c63_s.jpg]
[farm7.static.flickr.com/6007/5921324744_12f04ec73e.jpg]
[farm7.static.flickr.com/6007/5921324744_12f04ec73e_s.jpg]
[farm7.static.flickr.com/6130/5973394196_72300ee3ea.jpg]
[farm7.static.flickr.com/6130/5973394196_72300ee3ea_s.jpg]
[farm2.static.flickr.com/1191/4598641200_29449c0d46.jpg]
[farm2.static.flickr.com/1191/4598641200_29449c0d46_s.jpg]
[farm6.static.flickr.com/5103/5844145809_a51415b0c3.jpg]
[farm6.static.flickr.com/5103/5844145809_a51415b0c3_s.jpg]
[farm2.static.flickr.com/1333/4598024523_4168fc6b3a.jpg]
[farm2.static.flickr.com/1333/4598024523_4168fc6b3a_s.jpg]
[farm4.static.flickr.com/3165/5844693486_8919f40e79.jpg]
[farm4.static.flickr.com/3165/5844693486_8919f40e79_s.jpg]
[farm5.static.flickr.com/4073/4776630310_e640468eb6.jpg]
[farm5.static.flickr.com/4073/4776630310_e640468eb6_s.jpg]
[farm5.static.flickr.com/4073/4741970034_a00eb49461.jpg]
[farm5.static.flickr.com/4073/4741970034_a00eb49461_s.jpg]
[farm2.static.flickr.com/1232/4598023887_1046d22c02.jpg]
[farm2.static.flickr.com/1232/4598023887_1046d22c02_s.jpg]
[farm5.static.flickr.com/4080/4776629310_d224dd67e3.jpg]
[farm5.static.flickr.com/4080/4776629310_d224dd67e3_s.jpg]
[farm5.static.flickr.com/4143/4741969386_b0a75f2bf7.jpg]
[farm5.static.flickr.com/4143/4741969386_b0a75f2bf7_s.jpg]
[farm5.static.flickr.com/4082/4737113060_73b4dc0e67.jpg]
[farm5.static.flickr.com/4082/4737113060_73b4dc0e67_s.jpg]
[farm2.static.flickr.com/1336/4598641146_a3bd05a50c.jpg]
[farm2.static.flickr.com/1336/4598641146_a3bd05a50c_s.jpg]
[farm5.static.flickr.com/4057/5104654034_b2feb3b87c.jpg]
[farm5.static.flickr.com/4057/5104654034_b2feb3b87c_s.jpg]
[farm2.static.flickr.com/1380/5104059077_653e60a2d0.jpg]
[farm2.static.flickr.com/1380/5104059077_653e60a2d0_s.jpg]
[farm2.static.flickr.com/1376/4598642530_8de8afaa42.jpg]
[farm2.static.flickr.com/1376/4598642530_8de8afaa42_s.jpg]
[farm7.static.flickr.com/6127/5921316092_c9fbf342a2.jpg]
[farm7.static.flickr.com/6127/5921316092_c9fbf342a2_s.jpg]
[farm5.static.flickr.com/4069/4668215295_b0f40c1cbd.jpg]
[farm5.static.flickr.com/4069/4668215295_b0f40c1cbd_s.jpg]
[farm5.static.flickr.com/4140/4736437437_af0efb0f1d.jpg]
[farm5.static.flickr.com/4140/4736437437_af0efb0f1d_s.jpg]
[farm2.static.flickr.com/1038/4598025279_9d5528c217.jpg]
[farm2.static.flickr.com/1038/4598025279_9d5528c217_s.jpg]
[farm5.static.flickr.com/4044/4598024257_6cd406cf76.jpg]
[farm5.static.flickr.com/4044/4598024257_6cd406cf76_s.jpg]
[farm2.static.flickr.com/1003/4598641002_d8591bd12b.jpg]
[farm2.static.flickr.com/1003/4598641002_d8591bd12b_s.jpg]
[farm2.static.flickr.com/1142/4598641552_24872e428d.jpg]
[farm2.static.flickr.com/1142/4598641552_24872e428d_s.jpg]
[farm5.static.flickr.com/4013/4598641790_90fe7d97ae.jpg]
[farm5.static.flickr.com/4013/4598641790_90fe7d97ae_s.jpg]
[farm2.static.flickr.com/1404/4598642040_092dabe116.jpg]
[farm2.static.flickr.com/1404/4598642040_092dabe116_s.jpg]
[farm2.static.flickr.com/1180/4598025399_8bf0831097.jpg]
[farm2.static.flickr.com/1180/4598025399_8bf0831097_s.jpg]
[farm5.static.flickr.com/4121/4737124512_b5211fed1a.jpg]
[farm5.static.flickr.com/4121/4737124512_b5211fed1a_s.jpg]
[farm5.static.flickr.com/4062/4598135573_94ab384145.jpg]
[farm5.static.flickr.com/4062/4598135573_94ab384145_s.jpg]
[farm4.static.flickr.com/3392/4598750972_68ae8f76aa.jpg]
[farm4.static.flickr.com/3392/4598750972_68ae8f76aa_s.jpg]
[farm4.static.flickr.com/3321/4598749740_4be8180ee6.jpg]
[farm4.static.flickr.com/3321/4598749740_4be8180ee6_s.jpg]
[farm2.static.flickr.com/1119/4598641930_7e0a339dd1.jpg]
[farm2.static.flickr.com/1119/4598641930_7e0a339dd1_s.jpg]
[farm2.static.flickr.com/1182/4598642442_9aaf9c9afb.jpg]
[farm2.static.flickr.com/1182/4598642442_9aaf9c9afb_s.jpg]
[farm5.static.flickr.com/4054/4711776300_c1260ef974.jpg]
[farm5.static.flickr.com/4054/4711776300_c1260ef974_s.jpg]
[farm5.static.flickr.com/4033/4598024029_eee9876495.jpg]
[farm5.static.flickr.com/4033/4598024029_eee9876495_s.jpg]
[farm2.static.flickr.com/1340/4598136855_f2268c5cd2.jpg]
[farm2.static.flickr.com/1340/4598136855_f2268c5cd2_s.jpg]
[farm5.static.flickr.com/4144/4837119418_9a9c813945.jpg]
[farm5.static.flickr.com/4144/4837119418_9a9c813945_s.jpg]
[farm2.static.flickr.com/1361/4598640824_297e87ace5.jpg]
[farm2.static.flickr.com/1361/4598640824_297e87ace5_s.jpg]
[farm5.static.flickr.com/4104/4836507893_3e7f7a8cca.jpg]
[farm5.static.flickr.com/4104/4836507893_3e7f7a8cca_s.jpg]
[farm2.static.flickr.com/1323/4598024419_35d5648d3a.jpg]
[farm2.static.flickr.com/1323/4598024419_35d5648d3a_s.jpg]
[farm5.static.flickr.com/4037/4598641318_e70baaa021.jpg]
[farm5.static.flickr.com/4037/4598641318_e70baaa021_s.jpg]
[farm2.static.flickr.com/1033/4598641248_1e350e2694.jpg]
[farm2.static.flickr.com/1033/4598641248_1e350e2694_s.jpg]
[cpricelandscapes.com/images/portfolio/001.jpg]
[cpricelandscapes.com/images/portfolio/002.jpg]
[cpricelandscapes.com/images/portfolio/003.jpg]
[cpricelandscapes.com/images/portfolio/004.jpg]
[cpricelandscapes.com/images/portfolio/005.jpg]
[cpricelandscapes.com/images/portfolio/006.jpg]
[cpricelandscapes.com/images/portfolio/007.jpg]
[cpricelandscapes.com/images/portfolio/008.jpg]
[cpricelandscapes.com/images/portfolio/009.jpg]
[cpricelandscapes.com/images/portfolio/010.jpg]
[cpricelandscapes.com/images/portfolio/011.jpg]
[cpricelandscapes.com/images/portfolio/012.jpg]
[cpricelandscapes.com/images/portfolio/013.jpg]
[cpricelandscapes.com/images/portfolio/014.jpg]
[cpricelandscapes.com/images/portfolio/015.jpg]
[cpricelandscapes.com/images/portfolio/016.jpg]
[cpricelandscapes.com/images/portfolio/017.jpg]
[cpricelandscapes.com/images/portfolio/018.jpg]
[cpricelandscapes.com/images/portfolio/019.jpg]
[cpricelandscapes.com/images/portfolio/020.jpg]
[cpricelandscapes.com/images/portfolio/021.jpg]
[cpricelandscapes.com/images/portfolio/022.jpg]
[cpricelandscapes.com/images/portfolio/023.jpg]
[cpricelandscapes.com/images/portfolio/024.jpg]
[cpricelandscapes.com/images/portfolio/025.jpg]
[cpricelandscapes.com/images/portfolio/026.jpg]
[cpricelandscapes.com/images/portfolio/027.jpg]
[cpricelandscapes.com/images/portfolio/028.jpg]
[cpricelandscapes.com/images/portfolio/029.jpg]
[cpricelandscapes.com/images/portfolio/030.jpg]
[cpricelandscapes.com/images/portfolio/031.jpg]
[cpricelandscapes.com/images/portfolio/032.jpg]
[cpricelandscapes.com/images/portfolio/033.jpg]
[cpricelandscapes.com/images/portfolio/034.jpg]
[cpricelandscapes.com/images/portfolio/035.jpg]
[cpricelandscapes.com/images/portfolio/036.jpg]
[cpricelandscapes.com/images/portfolio/037.jpg]
[cpricelandscapes.com/images/portfolio/038.jpg]
[cpricelandscapes.com/images/portfolio/039.jpg]
[cpricelandscapes.com/images/portfolio/040.jpg]
[cpricelandscapes.com/images/portfolio/041.jpg]
[cpricelandscapes.com/portfolio.html]
[cpricelandscapes.com/blog.html]
[cpricelandscapes.com/img/background.jpg]
[cpricelandscapes.com/images/google.png]
[cpricelandscapes.com/images/yahoo.png]
[cpricelandscapes.com/images/hp.png]
[cpricelandscapes.com/images/mysql.png]
[cpricelandscapes.com/images/vimeo.png]
[cpricelandscapes.com/images/nudgee.png]
[cpricelandscapes.com/images/cisco.png]
[cpricelandscapes.com/images/digg.png]
[cpricelandscapes.com/images/microsoft.png]
[cpricelandscapes.com/images/sony.png]
[cpricelandscapes.com/images/dell.png]
[cpricelandscapes.com/images/canon.png]
[cpricelandscapes.com/images/ea.png]
[cpricelandscapes.com/images/ebay.png]
[cpricelandscapes.com/images/adobe.png]
[cpricelandscapes.com/links.html]
[cpricelandscapes.com/js/mootools.js]
[cpricelandscapes.com/js/formcheck.js]
[cpricelandscapes.com/js/niceforms.js]
[cpricelandscapes.com/contact.html]
[islandbreezeapartments.com/wp-content/themes/earth-nature/images/body-bg.jpg]
[islandbreezeapartments.com/wp-content/themes/earth-nature/images_blue/icon_tick.gif]
[islandbreezeapartments.com/wp-content/themes/earth-nature/style_blue.css]
[islandbreezeapartments.com/wp-content/plugins/contact-form-7/styles254d.css]
[islandbreezeapartments.com/wp-content/plugins/nextgen-gallery/css/albumset.gif]
[islandbreezeapartments.com/wp-content/plugins/nextgen-gallery/css/nggallery8a54.css]
[islandbreezeapartments.com/wp-content/plugins/nextgen-gallery/shutter/shutter-reloaded6f3e.css]
[islandbreezeapartments.com/wp-content/themes/earth-nature/css/jquery.lightbox-0.5.css]
[islandbreezeapartments.com/wp-content/gallery/features/editmala-010.jpg]
[islandbreezeapartments.com/wp-content/gallery/features/thumbs/thumbs_editmala-010.jpg]
[islandbreezeapartments.com/wp-content/gallery/features/new-living-area.jpg]
[islandbreezeapartments.com/wp-content/gallery/features/thumbs/thumbs_new-living-area.jpg]
[islandbreezeapartments.com/wp-content/gallery/features/mala-013_0.jpg]
[islandbreezeapartments.com/wp-content/gallery/features/thumbs/thumbs_mala-013_0.jpg]
[islandbreezeapartments.com/wp-content/gallery/features/double.jpg]
[islandbreezeapartments.com/wp-content/gallery/features/thumbs/thumbs_double.jpg]
[islandbreezeapartments.com/wp-content/gallery/features/editpatio-new.jpg]
[islandbreezeapartments.com/wp-content/gallery/features/thumbs/thumbs_editpatio-new.jpg]
[islandbreezeapartments.com/wp-content/gallery/features/malapoa-gardens-013.jpg]
[islandbreezeapartments.com/wp-content/gallery/features/thumbs/thumbs_malapoa-gardens-013.jpg]
[islandbreezeapartments.com/wp-content/gallery/features/editnew-bathroom-2.jpg]
[islandbreezeapartments.com/wp-content/gallery/features/thumbs/thumbs_editnew-bathroom-2.jpg]
[islandbreezeapartments.com/wp-content/gallery/features/new-robes-2.jpg]
[islandbreezeapartments.com/wp-content/gallery/features/thumbs/thumbs_new-robes-2.jpg]
[islandbreezeapartments.com/features/index.html]
[islandbreezeapartments.com/location/index.html]
[islandbreezeapartments.com/photos/index.html]
[islandbreezeapartments.com/wp-content/gallery/photo-gallery/vanuatu2.jpg]
[islandbreezeapartments.com/wp-content/gallery/photo-gallery/thumbs/thumbs_vanuatu2.jpg]
[islandbreezeapartments.com/wp-content/gallery/photo-gallery/vanuatu1.jpg]
[islandbreezeapartments.com/wp-content/gallery/photo-gallery/thumbs/thumbs_vanuatu1.jpg]
[islandbreezeapartments.com/wp-content/gallery/photo-gallery/vanuatu3.jpg]
[islandbreezeapartments.com/wp-content/gallery/photo-gallery/thumbs/thumbs_vanuatu3.jpg]
[islandbreezeapartments.com/wp-content/gallery/photo-gallery/vanuatu4.jpg]
[islandbreezeapartments.com/wp-content/gallery/photo-gallery/thumbs/thumbs_vanuatu4.jpg]
[islandbreezeapartments.com/wp-content/gallery/photo-gallery/vanuatu6.jpg]
[islandbreezeapartments.com/wp-content/gallery/photo-gallery/thumbs/thumbs_vanuatu6.jpg]
[islandbreezeapartments.com/vanuatu/index.html]
[islandbreezeapartments.com/wp-content/plugins/contact-form-7/images/ajax-loader.gif]
[islandbreezeapartments.com/contact/index.html]
[islandbreezeapartments.com/wp-content/uploads/2010/08/lion.jpg]
[islandbreezeapartments.com/uncategorized/jade-is-making-a-second-website/index.html]
[islandbreezeapartments.com/uncategorized/hello-world/index.html]
[islandbreezeapartments.com/uncategorized/convenient-and-central-location/index.html]
[cpricelandscapes.com/portfolio/view/_Retaining Walls Brisbane_/72157625106630012.html]
[cpricelandscapes.com/portfolio/view/_ Landscaping stairs_/72157625116811260.html]
[cpricelandscapes.com/portfolio/view/_ Timber Planter boxes/deck seats_/72157625022606541.html]
[cpricelandscapes.com/portfolio/view/_landscape designs Brisbane _/72157625343737682.html]
[cpricelandscapes.com/portfolio/view/ _Timber fences Brisbane _/72157625022610381.html]
[cpricelandscapes.com/portfolio/view/_Concreting Brisbane__/72157624992159159.html]
[cpricelandscapes.com/portfolio/view/_Stainless swage wire ballustrades/72157627012463546.html]
[cpricelandscapes.com/portfolio/view/_Turf brisbane_/72157626887996643.html]
[cpricelandscapes.com/portfolio/view/_brisbane landscaper_/72157625147323822.html]
[cpricelandscapes.com/portfolio/view/_Landscaping ideas_/72157625116912696.html]
[cpricelandscapes.com/portfolio/view/_Brisbane landscaping_/72157625147311710.html]
[cpricelandscapes.com/portfolio/view/_North Brisbane landscaper_/72157625106639622.html]
[cpricelandscapes.com/css/style2.css]
[cpricelandscapes.com/css/images/controls.png]
[cpricelandscapes.com/css/images/loading.gif]
[cpricelandscapes.com/css/colorbox.css]
[cpricelandscapes.com/blog/view/brisbane-retaining-wall-regulations-and-info.html]
[cpricelandscapes.com/blog/view/landscape-retaining-wall-design.html]
[cpricelandscapes.com/blog/view/does-your-garden-and-landscape-get-destroyed-from-your-wolf.html]
[cpricelandscapes.com/images/download.gif]
[cpricelandscapes.com/images/MsgSent.gif]
[cpricelandscapes.com/images/MsgError.gif]
[cpricelandscapes.com/images/top_left.png]
[cpricelandscapes.com/images/top_left.gif]
[cpricelandscapes.com/images/top.png]
[cpricelandscapes.com/images/top.gif]
[cpricelandscapes.com/images/top_right.png]
[cpricelandscapes.com/images/top_right.gif]
[cpricelandscapes.com/images/left.png]
[cpricelandscapes.com/images/side.gif]
[cpricelandscapes.com/images/right.png]
[cpricelandscapes.com/images/bottom_left.png]
[cpricelandscapes.com/images/bottom_left.gif]
[cpricelandscapes.com/images/mark.png]
[cpricelandscapes.com/images/mark.gif]
[cpricelandscapes.com/images/bottom_right.png]
[cpricelandscapes.com/images/bottom_right.gif]
[cpricelandscapes.com/images/inner.png]
[cpricelandscapes.com/images/error.png]
[cpricelandscapes.com/images/error.gif]
[cpricelandscapes.com/images/radio.gif]
[cpricelandscapes.com/images/checkbox.gif]
[cpricelandscapes.com/images/input_bg.gif]
[cpricelandscapes.com/images/txtarea_tr.gif]
[cpricelandscapes.com/images/txtarea_tr_xon.gif]
[cpricelandscapes.com/images/txtarea_br.gif]
[cpricelandscapes.com/images/txtarea_br_xon.gif]
[cpricelandscapes.com/images/txtarea_cntr.gif]
[cpricelandscapes.com/images/txtarea_cntr_xon.gif]
[cpricelandscapes.com/images/txtarea_l.gif]
[cpricelandscapes.com/images/txtarea_l_xon.gif]
[cpricelandscapes.com/images/select_bg.gif]
[cpricelandscapes.com/images/select_left.gif]
[cpricelandscapes.com/images/select_right.gif]
[cpricelandscapes.com/images/button_bg.gif]
[cpricelandscapes.com/css/main.css]
[islandbreezeapartments.com/wp-content/themes/earth-nature/aimages_blue/banner_bottom.html]
[islandbreezeapartments.com/features/feed/index.html]
[islandbreezeapartments.com/location/feed/index.html]
[islandbreezeapartments.com/photos/feed/index.html]
[islandbreezeapartments.com/vanuatu/feed/index.html]
[islandbreezeapartments.com/contact/feed/index.html]
[islandbreezeapartments.com/about/index.html]
[islandbreezeapartments.com/uncategorized/jade-is-making-a-second-website/feed/index.html]
[islandbreezeapartments.com/index5c7e.html]
[islandbreezeapartments.com/category/uncategorized/index.html]
[islandbreezeapartments.com/uncategorized/jade-is-making-a-second-website/trackback/index.html]
[islandbreezeapartments.com/uncategorized/hello-world/feed/index.html]
[islandbreezeapartments.com/indexcff1.html]
[islandbreezeapartments.com/uncategorized/hello-world/trackback/index.html]
[islandbreezeapartments.com/uncategorized/hello-world/index6809.html]
[islandbreezeapartments.com/uncategorized/hello-world/indexa7f8.html]
[islandbreezeapartments.com/uncategorized/hello-world/index5ae1.html]
[islandbreezeapartments.com/uncategorized/hello-world/indexee2e.html]
[islandbreezeapartments.com/uncategorized/convenient-and-central-location/feed/index.html]
[islandbreezeapartments.com/index3965.html]
[islandbreezeapartments.com/uncategorized/convenient-and-central-location/trackback/index.html]
[cpricelandscapes.com/portfolio/view/_Retaining Walls Brisbane_/js/prototype.html]
[cpricelandscapes.com/portfolio/view/_Retaining Walls Brisbane_/js/scriptaculousb395.html]
[cpricelandscapes.com/portfolio/view/_Retaining Walls Brisbane_/js/lightbox.html]
[cpricelandscapes.com/portfolio/view/_Retaining Walls Brisbane_/css/lightbox.html]
[cpricelandscapes.com/portfolio/view/_ Landscaping stairs_/js/prototype.html]
[cpricelandscapes.com/portfolio/view/_ Landscaping stairs_/js/scriptaculousb395.html]
[cpricelandscapes.com/portfolio/view/_ Landscaping stairs_/js/lightbox.html]
[cpricelandscapes.com/portfolio/view/_ Landscaping stairs_/css/lightbox.html]
[cpricelandscapes.com/portfolio/view/_ Timber Planter boxes/deck seats_/js/prototype.html]
[cpricelandscapes.com/portfolio/view/_ Timber Planter boxes/deck seats_/js/scriptaculousb395.html]
[cpricelandscapes.com/portfolio/view/_ Timber Planter boxes/deck seats_/js/lightbox.html]
[cpricelandscapes.com/portfolio/view/_ Timber Planter boxes/deck seats_/css/lightbox.html]
[cpricelandscapes.com/portfolio/view/_landscape designs Brisbane _/js/prototype.html]
[cpricelandscapes.com/portfolio/view/_landscape designs Brisbane _/js/scriptaculousb395.html]
[cpricelandscapes.com/portfolio/view/_landscape designs Brisbane _/js/lightbox.html]
[cpricelandscapes.com/portfolio/view/_landscape designs Brisbane _/css/lightbox.html]
[cpricelandscapes.com/portfolio/view/ _Timber fences Brisbane _/js/prototype.html]
[cpricelandscapes.com/portfolio/view/ _Timber fences Brisbane _/js/scriptaculousb395.html]
[cpricelandscapes.com/portfolio/view/ _Timber fences Brisbane _/js/lightbox.html]
[cpricelandscapes.com/portfolio/view/ _Timber fences Brisbane _/css/lightbox.html]
[cpricelandscapes.com/portfolio/view/_Concreting Brisbane__/js/prototype.html]
[cpricelandscapes.com/portfolio/view/_Concreting Brisbane__/js/scriptaculousb395.html]
[cpricelandscapes.com/portfolio/view/_Concreting Brisbane__/js/lightbox.html]
[cpricelandscapes.com/portfolio/view/_Concreting Brisbane__/css/lightbox.html]
[cpricelandscapes.com/portfolio/view/_Stainless swage wire ballustrades/js/prototype.html]
[cpricelandscapes.com/portfolio/view/_Stainless swage wire ballustrades/js/scriptaculousb395.html]
[cpricelandscapes.com/portfolio/view/_Stainless swage wire ballustrades/js/lightbox.html]
[cpricelandscapes.com/portfolio/view/_Stainless swage wire ballustrades/css/lightbox.html]
[cpricelandscapes.com/portfolio/view/_Turf brisbane_/js/prototype.html]
[cpricelandscapes.com/portfolio/view/_Turf brisbane_/js/scriptaculousb395.html]
[cpricelandscapes.com/portfolio/view/_Turf brisbane_/js/lightbox.html]
[cpricelandscapes.com/portfolio/view/_Turf brisbane_/css/lightbox.html]
[cpricelandscapes.com/portfolio/view/_brisbane landscaper_/js/prototype.html]
[cpricelandscapes.com/portfolio/view/_brisbane landscaper_/js/scriptaculousb395.html]
[cpricelandscapes.com/portfolio/view/_brisbane landscaper_/js/lightbox.html]
[cpricelandscapes.com/portfolio/view/_brisbane landscaper_/css/lightbox.html]
[cpricelandscapes.com/portfolio/view/_Landscaping ideas_/js/prototype.html]
[cpricelandscapes.com/portfolio/view/_Landscaping ideas_/js/scriptaculousb395.html]
[cpricelandscapes.com/portfolio/view/_Landscaping ideas_/js/lightbox.html]
[cpricelandscapes.com/portfolio/view/_Landscaping ideas_/css/lightbox.html]
[cpricelandscapes.com/portfolio/view/_Brisbane landscaping_/js/prototype.html]
[cpricelandscapes.com/portfolio/view/_Brisbane landscaping_/js/scriptaculousb395.html]
[cpricelandscapes.com/portfolio/view/_Brisbane landscaping_/js/lightbox.html]
[cpricelandscapes.com/portfolio/view/_Brisbane landscaping_/css/lightbox.html]
[cpricelandscapes.com/portfolio/view/_North Brisbane landscaper_/js/prototype.html]
[cpricelandscapes.com/portfolio/view/_North Brisbane landscaper_/js/scriptaculousb395.html]
[cpricelandscapes.com/portfolio/view/_North Brisbane landscaper_/js/lightbox.html]
[cpricelandscapes.com/portfolio/view/_North Brisbane landscaper_/css/lightbox.html]
[cpricelandscapes.com/blog/view/js/prototype.html]
[cpricelandscapes.com/blog/view/js/scriptaculousb395.html]
[cpricelandscapes.com/blog/view/js/lightbox.html]
[cpricelandscapes.com/blog/view/css/lightbox.html]
[islandbreezeapartments.com/about/feed/index.html]
[islandbreezeapartments.com/category/uncategorized/feed/index.html]
